[bycreators.com/index.html]
[bycreators.com/templates/Skyline_v2/resources/css/reset.css]
[backblue.gif]
[fade.gif]
[index.html]
[bycreators.com/templates/Skyline_v2/resources/css/less.build.css]
[bycreators.com/resources/heart.png]
[bycreators.com/templates/Skyline_v2/resources/images/banner_frame.png]
[ajax.googleapis.com/ajax/libs/webfont/1.4.2/webfont.js]
[ajax.googleapis.com/ajax/libs/jquery/1.11.1/jquery.min.js]
[bycreators.com/components/bower_components/jquery/dist/jquery.js]
[bycreators.com/classes/commons/resources/flyoutmenu/flyoutmenub4d9.css]
[bycreators.com/classes/commons/resources/flyoutmenu/flyoutmenub4d9.js]
[bycreators.com/classes/commons/resources/global/globalb4d9.css]
[bycreators.com/classes/components/Image/layouts/Default/Defaultb4d9.css]
[bycreators.com/classes/components/Form/layouts/Default/Defaultb4d9.css]
[bycreators.com/contact.html]
[bycreators.com/resources/drag912.mp4]
[bycreators.com/resources/Photographer2.jpg]
[bycreators.com/classes/components/Panel/resources/parallaxb4d9.js]
[bycreators.com/resources/editord.png]
[bycreators.com/resources/cheerleader.png]
[bycreators.com/resources/webdeveloper.png]
[bycreators.com/resources/experience.png]
[bycreators.com/classes/components/Form/layouts/Default/recaptchab4d9.js]
[www.google.com/recaptcha/apiba23.js]
[analytics.yolacdn.net/tracking.js]
[bycreators.com/indexdef5.html]
[bycreators.com/index399d.html]
[bycreators.com/templates/Skyline_v2/resources/js/browserify.build.js]
[bycreators.com/index.html]
[bycreators.com/templates/Skyline_v2/resources/css/reset.css]
[bycreators.com/templates/Skyline_v2/resources/css/less.build.css]
[bycreators.com/components/bower_components/jquery/dist/jquery.html]
[bycreators.com/classes/commons/resources/flyoutmenu/blue_slice_large.png]
[bycreators.com/classes/commons/resources/flyoutmenu/flyoutmenub4d9.css]
[bycreators.com/classes/commons/resources/global/captcha.png]
[bycreators.com/classes/commons/resources/global/globalb4d9.css]
[bycreators.com/classes/components/Image/layouts/Default/Defaultb4d9.css]
[www.gstatic.com/recaptcha/api2/logo_48.png]
[bycreators.com/classes/components/Form/layouts/Default/Defaultb4d9.css]
[bycreators.com/classes/components/GoogleMapV2/layouts/Default/Defaultb4d9.css]
[bycreators.com/resources/banancontact.jpg]
[bycreators.com/contact9f75.html]
[bycreators.com/contact.html]
[bycreators.com/indexdef5.html]
[bycreators.com/index399d.html]
[bycreators.com/classes/components/GoogleMapV2/layouts/Default/Defaultb4d9.css]
[bycreators.com/contact9f75.html]
[bycreators.com/contactdea5.html]
[bycreators.com/contactdea5.html]
